// Jest Snapshot v1, https://goo.gl/fbAQLP

exports[`components/Avatar Renders Default story 1`] = `
<body>
  <div>
    <div
      class="avatar  undefined"
    >
      <div
        class="w-12 h-12 rounded-full"
      >
        <img
          alt="user"
          height="48px"
          src="https://images.unsplash.com/photo-1584361853901-dd1904bb7987?ixlib=rb-1.2.1&ixid=MnwxMjA3fDB8MHxwaG90by1wYWdlfHx8fGVufDB8fHx8&auto=format&fit=crop&w=1974&q=80"
          width="48px"
        />
      </div>
    </div>
  </div>
</body>
`;
